{
  "0 debug pnpm:scope": {
    "selected": 1
  },
  "1 debug pnpm:package-manifest": {
    "initial": {
      "name": "center.x-admin",
      "version": "0.1.0",
      "scripts": {
        "dev": "vite",
        "build:test": "vite build --mode test",
        "build": "vite build",
        "build:example": "vite build --mode example",
        "serve:test": "http-server ./dist-test -o",
        "serve": "http-server ./dist -o",
        "serve:example": "http-server ./dist-example -o",
        "svgo": "svgo -f src/assets/icons",
        "new": "plop",
        "generate:icons": "esno ./scripts/generate.icons.js",
        "lint:eslint": "eslint src/**/*.{js,vue} --fix",
        "lint:stylelint": "stylelint src/**/*.{vue,scss,less} --fix",
        "prepare": "husky install"
      },
      "dependencies": {
        "@antv/g2plot": "^2.4.16",
        "@antv/x6": "^1.32.3",
        "@antv/x6-vue-shape": "^1.4.0",
        "@element-plus/icons-vue": "^1.1.4",
        "@imengyu/vue3-context-menu": "^1.0.9",
        "@soerenmartius/vue3-clipboard": "^0.1.2",
        "@tinymce/tinymce-vue": "^4.0.7",
        "@vueuse/core": "^8.3.1",
        "@wcjiang/notify": "^2.1.0",
        "animate.css": "^4.1.1",
        "axios": "^0.27.2",
        "clipboardy": "^3.0.0",
        "dayjs": "^1.11.3",
        "echarts": "^5.3.2",
        "element-plus": "^2.2.0",
        "noobdog-frontend-sdk": "^0.0.1",
        "hotkeys-js": "^3.9.0",
        "js-cookie": "^3.0.1",
        "lodash": "^4.17.21",
        "mavon-editor": "^3.0.0-beta",
        "mitt": "^3.0.0",
        "mockjs": "^1.1.0",
        "node-waves": "^0.7.6",
        "pinia": "^2.0.13",
        "print-js": "^1.6.0",
        "qrcode": "^1.5.0",
        "swiper": "^8.1.3",
        "tinymce": "^5.10.3",
        "vue": "^3.2.31",
        "vue-i18n": "^9.1.9",
        "vue-router": "^4.0.14",
        "vue3-count-to": "^1.1.2",
        "vuedraggable": "^4.1.0"
      },
      "devDependencies": {
        "@iconify/json": "^2.1.31",
        "@iconify/vue": "^3.2.1",
        "@intlify/vite-plugin-vue-i18n": "^3.4.0",
        "@vitejs/plugin-vue": "^2.3.1",
        "@vue/compiler-sfc": "^3.2.33",
        "eslint": "^8.13.0",
        "eslint-plugin-vue": "^8.7.1",
        "esno": "^0.14.1",
        "fs-extra": "^10.1.0",
        "http-server": "^14.1.0",
        "husky": "^7.0.4",
        "inquirer": "^8.2.2",
        "lint-staged": "^12.4.0",
        "plop": "^3.0.5",
        "postcss-html": "^1.4.1",
        "postcss-scss": "^4.0.3",
        "sass": "^1.50.1",
        "stylelint": "^14.7.1",
        "stylelint-config-recommended-scss": "^6.0.0",
        "stylelint-config-recommended-vue": "^1.4.0",
        "stylelint-config-standard": "^25.0.0",
        "stylelint-scss": "^4.2.0",
        "svgo": "^2.8.0",
        "unplugin-auto-import": "^0.7.1",
        "unplugin-icons": "^0.14.1",
        "unplugin-vue-components": "^0.19.3",
        "vite": "^2.9.5",
        "vite-plugin-banner": "^0.2.0",
        "vite-plugin-compression": "^0.5.1",
        "vite-plugin-html": "^3.2.0",
        "vite-plugin-mock": "^2.9.6",
        "vite-plugin-pwa": "^0.12.0",
        "vite-plugin-restart": "^0.1.1",
        "vite-plugin-spritesmith": "^0.1.1",
        "vite-plugin-svg-icons": "^2.0.1",
        "vite-plugin-vue-setup-extend": "^0.4.0",
        "vue-eslint-parser": "^8.3.0",
        "workbox-window": "^6.5.3"
      }
    },
    "prefix": "D:\\code\\base\\noobdog\\center.x-admin"
  },
  "2 debug pnpm:context": {
    "currentLockfileExists": false,
    "storeDir": "D:\\.pnpm-store\\v3",
    "virtualStoreDir": "D:\\code\\base\\noobdog\\center.x-admin\\node_modules\\.pnpm"
  },
  "3 debug pnpm:stage": {
    "prefix": "D:\\code\\base\\noobdog\\center.x-admin",
    "stage": "resolution_started"
  },
  "4 debug pnpm:_dependency_resolved": {
    "resolution": "registry.npmmirror.com/@iconify/json/2.1.38",
    "wanted": {
      "dependentId": ".",
      "name": "@iconify/json",
      "rawSpec": "^2.1.31"
    }
  },
  "5 debug pnpm:_dependency_resolved": {
    "resolution": "registry.npmmirror.com/@iconify/vue/3.2.1",
    "wanted": {
      "dependentId": ".",
      "name": "@iconify/vue",
      "rawSpec": "^3.2.1"
    }
  },
  "6 debug pnpm:_dependency_resolved": {
    "resolution": "registry.npmmirror.com/@intlify/vite-plugin-vue-i18n/3.4.0",
    "wanted": {
      "dependentId": ".",
      "name": "@intlify/vite-plugin-vue-i18n",
      "rawSpec": "^3.4.0"
    }
  },
  "7 debug pnpm:_dependency_resolved": {
    "resolution": "registry.npmmirror.com/@vitejs/plugin-vue/2.3.2",
    "wanted": {
      "dependentId": ".",
      "name": "@vitejs/plugin-vue",
      "rawSpec": "^2.3.1"
    }
  },
  "8 debug pnpm:_dependency_resolved": {
    "resolution": "registry.npmmirror.com/@vue/compiler-sfc/3.2.33",
    "wanted": {
      "dependentId": ".",
      "name": "@vue/compiler-sfc",
      "rawSpec": "^3.2.33"
    }
  },
  "9 debug pnpm:_dependency_resolved": {
    "resolution": "registry.npmmirror.com/eslint/8.15.0",
    "wanted": {
      "dependentId": ".",
      "name": "eslint",
      "rawSpec": "^8.13.0"
    }
  },
  "10 debug pnpm:_dependency_resolved": {
    "resolution": "registry.npmmirror.com/eslint-plugin-vue/8.7.1",
    "wanted": {
      "dependentId": ".",
      "name": "eslint-plugin-vue",
      "rawSpec": "^8.7.1"
    }
  },
  "11 debug pnpm:_dependency_resolved": {
    "resolution": "registry.npmmirror.com/esno/0.14.1",
    "wanted": {
      "dependentId": ".",
      "name": "esno",
      "rawSpec": "^0.14.1"
    }
  },
  "12 debug pnpm:_dependency_resolved": {
    "resolution": "registry.npmmirror.com/fs-extra/10.1.0",
    "wanted": {
      "dependentId": ".",
      "name": "fs-extra",
      "rawSpec": "^10.1.0"
    }
  },
  "13 debug pnpm:_dependency_resolved": {
    "resolution": "registry.npmmirror.com/http-server/14.1.0",
    "wanted": {
      "dependentId": ".",
      "name": "http-server",
      "rawSpec": "^14.1.0"
    }
  },
  "14 debug pnpm:_dependency_resolved": {
    "resolution": "registry.npmmirror.com/husky/7.0.4",
    "wanted": {
      "dependentId": ".",
      "name": "husky",
      "rawSpec": "^7.0.4"
    }
  },
  "15 debug pnpm:_dependency_resolved": {
    "resolution": "registry.npmmirror.com/inquirer/8.2.4",
    "wanted": {
      "dependentId": ".",
      "name": "inquirer",
      "rawSpec": "^8.2.2"
    }
  },
  "16 debug pnpm:_dependency_resolved": {
    "resolution": "registry.npmmirror.com/lint-staged/12.4.1",
    "wanted": {
      "dependentId": ".",
      "name": "lint-staged",
      "rawSpec": "^12.4.0"
    }
  },
  "17 debug pnpm:_dependency_resolved": {
    "resolution": "registry.npmmirror.com/plop/3.1.0",
    "wanted": {
      "dependentId": ".",
      "name": "plop",
      "rawSpec": "^3.0.5"
    }
  },
  "18 debug pnpm:_dependency_resolved": {
    "resolution": "registry.npmmirror.com/postcss-html/1.4.1",
    "wanted": {
      "dependentId": ".",
      "name": "postcss-html",
      "rawSpec": "^1.4.1"
    }
  },
  "19 debug pnpm:_dependency_resolved": {
    "resolution": "registry.npmmirror.com/postcss-scss/4.0.3",
    "wanted": {
      "dependentId": ".",
      "name": "postcss-scss",
      "rawSpec": "^4.0.3"
    }
  },
  "20 debug pnpm:_dependency_resolved": {
    "resolution": "registry.npmmirror.com/sass/1.51.0",
    "wanted": {
      "dependentId": ".",
      "name": "sass",
      "rawSpec": "^1.50.1"
    }
  },
  "21 debug pnpm:_dependency_resolved": {
    "resolution": "registry.npmmirror.com/stylelint/14.8.2",
    "wanted": {
      "dependentId": ".",
      "name": "stylelint",
      "rawSpec": "^14.7.1"
    }
  },
  "22 debug pnpm:_dependency_resolved": {
    "resolution": "registry.npmmirror.com/stylelint-config-recommended-scss/6.0.0",
    "wanted": {
      "dependentId": ".",
      "name": "stylelint-config-recommended-scss",
      "rawSpec": "^6.0.0"
    }
  },
  "23 debug pnpm:_dependency_resolved": {
    "resolution": "registry.npmmirror.com/stylelint-config-recommended-vue/1.4.0",
    "wanted": {
      "dependentId": ".",
      "name": "stylelint-config-recommended-vue",
      "rawSpec": "^1.4.0"
    }
  },
  "24 debug pnpm:_dependency_resolved": {
    "resolution": "registry.npmmirror.com/stylelint-config-standard/25.0.0",
    "wanted": {
      "dependentId": ".",
      "name": "stylelint-config-standard",
      "rawSpec": "^25.0.0"
    }
  },
  "25 debug pnpm:_dependency_resolved": {
    "resolution": "registry.npmmirror.com/stylelint-scss/4.2.0",
    "wanted": {
      "dependentId": ".",
      "name": "stylelint-scss",
      "rawSpec": "^4.2.0"
    }
  },
  "26 debug pnpm:_dependency_resolved": {
    "resolution": "registry.npmmirror.com/svgo/2.8.0",
    "wanted": {
      "dependentId": ".",
      "name": "svgo",
      "rawSpec": "^2.8.0"
    }
  },
  "27 debug pnpm:_dependency_resolved": {
    "resolution": "registry.npmmirror.com/unplugin-auto-import/0.7.1",
    "wanted": {
      "dependentId": ".",
      "name": "unplugin-auto-import",
      "rawSpec": "^0.7.1"
    }
  },
  "28 debug pnpm:_dependency_resolved": {
    "resolution": "registry.npmmirror.com/unplugin-icons/0.14.3",
    "wanted": {
      "dependentId": ".",
      "name": "unplugin-icons",
      "rawSpec": "^0.14.1"
    }
  },
  "29 debug pnpm:_dependency_resolved": {
    "resolution": "registry.npmmirror.com/unplugin-vue-components/0.19.3",
    "wanted": {
      "dependentId": ".",
      "name": "unplugin-vue-components",
      "rawSpec": "^0.19.3"
    }
  },
  "30 debug pnpm:_dependency_resolved": {
    "resolution": "registry.npmmirror.com/vite/2.9.8",
    "wanted": {
      "dependentId": ".",
      "name": "vite",
      "rawSpec": "^2.9.5"
    }
  },
  "31 debug pnpm:_dependency_resolved": {
    "resolution": "registry.npmmirror.com/vite-plugin-banner/0.2.0",
    "wanted": {
      "dependentId": ".",
      "name": "vite-plugin-banner",
      "rawSpec": "^0.2.0"
    }
  },
  "32 debug pnpm:_dependency_resolved": {
    "resolution": "registry.npmmirror.com/vite-plugin-compression/0.5.1",
    "wanted": {
      "dependentId": ".",
      "name": "vite-plugin-compression",
      "rawSpec": "^0.5.1"
    }
  },
  "33 debug pnpm:_dependency_resolved": {
    "resolution": "registry.npmmirror.com/vite-plugin-html/3.2.0",
    "wanted": {
      "dependentId": ".",
      "name": "vite-plugin-html",
      "rawSpec": "^3.2.0"
    }
  },
  "34 debug pnpm:_dependency_resolved": {
    "resolution": "registry.npmmirror.com/vite-plugin-mock/2.9.6",
    "wanted": {
      "dependentId": ".",
      "name": "vite-plugin-mock",
      "rawSpec": "^2.9.6"
    }
  },
  "35 debug pnpm:_dependency_resolved": {
    "resolution": "registry.npmmirror.com/vite-plugin-pwa/0.12.0",
    "wanted": {
      "dependentId": ".",
      "name": "vite-plugin-pwa",
      "rawSpec": "^0.12.0"
    }
  },
  "36 debug pnpm:_dependency_resolved": {
    "resolution": "registry.npmmirror.com/vite-plugin-restart/0.1.1",
    "wanted": {
      "dependentId": ".",
      "name": "vite-plugin-restart",
      "rawSpec": "^0.1.1"
    }
  },
  "37 debug pnpm:_dependency_resolved": {
    "resolution": "registry.npmmirror.com/vite-plugin-spritesmith/0.1.1",
    "wanted": {
      "dependentId": ".",
      "name": "vite-plugin-spritesmith",
      "rawSpec": "^0.1.1"
    }
  },
  "38 debug pnpm:_dependency_resolved": {
    "resolution": "registry.npmmirror.com/vite-plugin-svg-icons/2.0.1",
    "wanted": {
      "dependentId": ".",
      "name": "vite-plugin-svg-icons",
      "rawSpec": "^2.0.1"
    }
  },
  "39 debug pnpm:_dependency_resolved": {
    "resolution": "registry.npmmirror.com/vite-plugin-vue-setup-extend/0.4.0",
    "wanted": {
      "dependentId": ".",
      "name": "vite-plugin-vue-setup-extend",
      "rawSpec": "^0.4.0"
    }
  },
  "40 debug pnpm:_dependency_resolved": {
    "resolution": "registry.npmmirror.com/vue-eslint-parser/8.3.0",
    "wanted": {
      "dependentId": ".",
      "name": "vue-eslint-parser",
      "rawSpec": "^8.3.0"
    }
  },
  "41 debug pnpm:_dependency_resolved": {
    "resolution": "registry.npmmirror.com/workbox-window/6.5.3",
    "wanted": {
      "dependentId": ".",
      "name": "workbox-window",
      "rawSpec": "^6.5.3"
    }
  },
  "42 debug pnpm:_dependency_resolved": {
    "resolution": "registry.npmmirror.com/@antv/g2plot/2.4.16",
    "wanted": {
      "dependentId": ".",
      "name": "@antv/g2plot",
      "rawSpec": "^2.4.16"
    }
  },
  "43 debug pnpm:_dependency_resolved": {
    "resolution": "registry.npmmirror.com/@antv/x6/1.32.3",
    "wanted": {
      "dependentId": ".",
      "name": "@antv/x6",
      "rawSpec": "^1.32.3"
    }
  },
  "44 debug pnpm:_dependency_resolved": {
    "resolution": "registry.npmjs.org/@antv/x6-vue-shape/1.4.0",
    "wanted": {
      "dependentId": ".",
      "name": "@antv/x6-vue-shape",
      "rawSpec": "^1.4.0"
    }
  },
  "45 debug pnpm:_dependency_resolved": {
    "resolution": "registry.npmmirror.com/@element-plus/icons-vue/1.1.4",
    "wanted": {
      "dependentId": ".",
      "name": "@element-plus/icons-vue",
      "rawSpec": "^1.1.4"
    }
  },
  "46 debug pnpm:_dependency_resolved": {
    "resolution": "registry.npmmirror.com/@imengyu/vue3-context-menu/1.0.9",
    "wanted": {
      "dependentId": ".",
      "name": "@imengyu/vue3-context-menu",
      "rawSpec": "^1.0.9"
    }
  },
  "47 debug pnpm:_dependency_resolved": {
    "resolution": "registry.npmmirror.com/@soerenmartius/vue3-clipboard/0.1.2",
    "wanted": {
      "dependentId": ".",
      "name": "@soerenmartius/vue3-clipboard",
      "rawSpec": "^0.1.2"
    }
  },
  "48 debug pnpm:_dependency_resolved": {
    "resolution": "registry.npmmirror.com/@tinymce/tinymce-vue/4.0.7",
    "wanted": {
      "dependentId": ".",
      "name": "@tinymce/tinymce-vue",
      "rawSpec": "^4.0.7"
    }
  },
  "49 debug pnpm:_dependency_resolved": {
    "resolution": "registry.npmmirror.com/@vueuse/core/8.4.2",
    "wanted": {
      "dependentId": ".",
      "name": "@vueuse/core",
      "rawSpec": "^8.3.1"
    }
  },
  "50 debug pnpm:_dependency_resolved": {
    "resolution": "registry.npmmirror.com/@wcjiang/notify/2.1.0",
    "wanted": {
      "dependentId": ".",
      "name": "@wcjiang/notify",
      "rawSpec": "^2.1.0"
    }
  },
  "51 debug pnpm:_dependency_resolved": {
    "resolution": "registry.npmmirror.com/animate.css/4.1.1",
    "wanted": {
      "dependentId": ".",
      "name": "animate.css",
      "rawSpec": "^4.1.1"
    }
  },
  "52 debug pnpm:_dependency_resolved": {
    "resolution": "registry.npmjs.org/axios/0.27.2",
    "wanted": {
      "dependentId": ".",
      "name": "axios",
      "rawSpec": "^0.27.2"
    }
  },
  "53 debug pnpm:_dependency_resolved": {
    "resolution": "registry.npmmirror.com/clipboardy/3.0.0",
    "wanted": {
      "dependentId": ".",
      "name": "clipboardy",
      "rawSpec": "^3.0.0"
    }
  },
  "54 debug pnpm:_dependency_resolved": {
    "resolution": "registry.npmjs.org/dayjs/1.11.3",
    "wanted": {
      "dependentId": ".",
      "name": "dayjs",
      "rawSpec": "^1.11.3"
    }
  },
  "55 debug pnpm:_dependency_resolved": {
    "resolution": "registry.npmmirror.com/echarts/5.3.2",
    "wanted": {
      "dependentId": ".",
      "name": "echarts",
      "rawSpec": "^5.3.2"
    }
  },
  "56 debug pnpm:_dependency_resolved": {
    "resolution": "registry.npmmirror.com/element-plus/2.2.4",
    "wanted": {
      "dependentId": ".",
      "name": "element-plus",
      "rawSpec": "^2.2.0"
    }
  },
  "57 debug pnpm:_dependency_resolved": {
    "resolution": "registry.npmmirror.com/hotkeys-js/3.9.3",
    "wanted": {
      "dependentId": ".",
      "name": "hotkeys-js",
      "rawSpec": "^3.9.0"
    }
  },
  "58 debug pnpm:_dependency_resolved": {
    "resolution": "registry.npmmirror.com/js-cookie/3.0.1",
    "wanted": {
      "dependentId": ".",
      "name": "js-cookie",
      "rawSpec": "^3.0.1"
    }
  },
  "59 debug pnpm:_dependency_resolved": {
    "resolution": "registry.npmjs.org/lodash/4.17.21",
    "wanted": {
      "dependentId": ".",
      "name": "lodash",
      "rawSpec": "^4.17.21"
    }
  },
  "60 debug pnpm:_dependency_resolved": {
    "resolution": "registry.npmmirror.com/mavon-editor/3.0.0-beta",
    "wanted": {
      "dependentId": ".",
      "name": "mavon-editor",
      "rawSpec": "^3.0.0-beta"
    }
  },
  "61 debug pnpm:_dependency_resolved": {
    "resolution": "registry.npmmirror.com/mitt/3.0.0",
    "wanted": {
      "dependentId": ".",
      "name": "mitt",
      "rawSpec": "^3.0.0"
    }
  },
  "62 debug pnpm:_dependency_resolved": {
    "resolution": "registry.npmmirror.com/mockjs/1.1.0",
    "wanted": {
      "dependentId": ".",
      "name": "mockjs",
      "rawSpec": "^1.1.0"
    }
  },
  "63 debug pnpm:_dependency_resolved": {
    "resolution": "registry.npmmirror.com/node-waves/0.7.6",
    "wanted": {
      "dependentId": ".",
      "name": "node-waves",
      "rawSpec": "^0.7.6"
    }
  },
  "64 debug pnpm:_dependency_resolved": {
    "resolution": "registry.npmmirror.com/pinia/2.0.14",
    "wanted": {
      "dependentId": ".",
      "name": "pinia",
      "rawSpec": "^2.0.13"
    }
  },
  "65 debug pnpm:_dependency_resolved": {
    "resolution": "registry.npmmirror.com/print-js/1.6.0",
    "wanted": {
      "dependentId": ".",
      "name": "print-js",
      "rawSpec": "^1.6.0"
    }
  },
  "66 debug pnpm:_dependency_resolved": {
    "resolution": "registry.npmmirror.com/qrcode/1.5.0",
    "wanted": {
      "dependentId": ".",
      "name": "qrcode",
      "rawSpec": "^1.5.0"
    }
  },
  "67 debug pnpm:_dependency_resolved": {
    "resolution": "registry.npmmirror.com/swiper/8.1.4",
    "wanted": {
      "dependentId": ".",
      "name": "swiper",
      "rawSpec": "^8.1.3"
    }
  },
  "68 debug pnpm:_dependency_resolved": {
    "resolution": "registry.npmmirror.com/tinymce/5.10.3",
    "wanted": {
      "dependentId": ".",
      "name": "tinymce",
      "rawSpec": "^5.10.3"
    }
  },
  "69 debug pnpm:_dependency_resolved": {
    "resolution": "registry.npmmirror.com/vue/3.2.31",
    "wanted": {
      "dependentId": ".",
      "name": "vue",
      "rawSpec": "^3.2.31"
    }
  },
  "70 debug pnpm:_dependency_resolved": {
    "resolution": "registry.npmmirror.com/vue-i18n/9.1.9",
    "wanted": {
      "dependentId": ".",
      "name": "vue-i18n",
      "rawSpec": "^9.1.9"
    }
  },
  "71 debug pnpm:_dependency_resolved": {
    "resolution": "registry.npmmirror.com/vue-router/4.0.15",
    "wanted": {
      "dependentId": ".",
      "name": "vue-router",
      "rawSpec": "^4.0.14"
    }
  },
  "72 debug pnpm:_dependency_resolved": {
    "resolution": "registry.npmmirror.com/vue3-count-to/1.1.2",
    "wanted": {
      "dependentId": ".",
      "name": "vue3-count-to",
      "rawSpec": "^1.1.2"
    }
  },
  "73 debug pnpm:_dependency_resolved": {
    "resolution": "registry.npmmirror.com/vuedraggable/4.1.0",
    "wanted": {
      "dependentId": ".",
      "name": "vuedraggable",
      "rawSpec": "^4.1.0"
    }
  },
  "74 debug pnpm:progress": {
    "packageId": "registry.npmmirror.com/@iconify/json/2.1.38",
    "requester": "D:\\code\\base\\noobdog\\center.x-admin",
    "status": "resolved"
  },
  "75 debug pnpm:progress": {
    "packageId": "registry.npmmirror.com/@iconify/json/2.1.38",
    "requester": "D:\\code\\base\\noobdog\\center.x-admin",
    "status": "found_in_store"
  },
  "76 debug pnpm:progress": {
    "packageId": "registry.npmmirror.com/@vitejs/plugin-vue/2.3.2",
    "requester": "D:\\code\\base\\noobdog\\center.x-admin",
    "status": "resolved"
  },
  "77 debug pnpm:progress": {
    "packageId": "registry.npmmirror.com/@vitejs/plugin-vue/2.3.2",
    "requester": "D:\\code\\base\\noobdog\\center.x-admin",
    "status": "found_in_store"
  },
  "78 debug pnpm:progress": {
    "packageId": "registry.npmmirror.com/@iconify/vue/3.2.1",
    "requester": "D:\\code\\base\\noobdog\\center.x-admin",
    "status": "resolved"
  },
  "79 debug pnpm:progress": {
    "packageId": "registry.npmmirror.com/@iconify/vue/3.2.1",
    "requester": "D:\\code\\base\\noobdog\\center.x-admin",
    "status": "found_in_store"
  },
  "80 debug pnpm:progress": {
    "packageId": "registry.npmmirror.com/@intlify/vite-plugin-vue-i18n/3.4.0",
    "requester": "D:\\code\\base\\noobdog\\center.x-admin",
    "status": "resolved"
  },
  "81 debug pnpm:progress": {
    "packageId": "registry.npmmirror.com/@intlify/vite-plugin-vue-i18n/3.4.0",
    "requester": "D:\\code\\base\\noobdog\\center.x-admin",
    "status": "found_in_store"
  },
  "82 debug pnpm:progress": {
    "packageId": "registry.npmmirror.com/@vue/compiler-sfc/3.2.33",
    "requester": "D:\\code\\base\\noobdog\\center.x-admin",
    "status": "resolved"
  },
  "83 debug pnpm:progress": {
    "packageId": "registry.npmmirror.com/@vue/compiler-sfc/3.2.33",
    "requester": "D:\\code\\base\\noobdog\\center.x-admin",
    "status": "found_in_store"
  },
  "84 debug pnpm:progress": {
    "packageId": "registry.npmmirror.com/esno/0.14.1",
    "requester": "D:\\code\\base\\noobdog\\center.x-admin",
    "status": "resolved"
  },
  "85 debug pnpm:progress": {
    "packageId": "registry.npmmirror.com/esno/0.14.1",
    "requester": "D:\\code\\base\\noobdog\\center.x-admin",
    "status": "found_in_store"
  },
  "86 debug pnpm:progress": {
    "packageId": "registry.npmmirror.com/eslint/8.15.0",
    "requester": "D:\\code\\base\\noobdog\\center.x-admin",
    "status": "resolved"
  },
  "87 debug pnpm:progress": {
    "packageId": "registry.npmmirror.com/eslint/8.15.0",
    "requester": "D:\\code\\base\\noobdog\\center.x-admin",
    "status": "found_in_store"
  },
  "88 debug pnpm:progress": {
    "packageId": "registry.npmmirror.com/eslint-plugin-vue/8.7.1",
    "requester": "D:\\code\\base\\noobdog\\center.x-admin",
    "status": "resolved"
  },
  "89 debug pnpm:progress": {
    "packageId": "registry.npmmirror.com/eslint-plugin-vue/8.7.1",
    "requester": "D:\\code\\base\\noobdog\\center.x-admin",
    "status": "found_in_store"
  },
  "90 debug pnpm:progress": {
    "packageId": "registry.npmmirror.com/http-server/14.1.0",
    "requester": "D:\\code\\base\\noobdog\\center.x-admin",
    "status": "resolved"
  },
  "91 debug pnpm:progress": {
    "packageId": "registry.npmmirror.com/http-server/14.1.0",
    "requester": "D:\\code\\base\\noobdog\\center.x-admin",
    "status": "found_in_store"
  },
  "92 debug pnpm:progress": {
    "packageId": "registry.npmmirror.com/husky/7.0.4",
    "requester": "D:\\code\\base\\noobdog\\center.x-admin",
    "status": "resolved"
  },
  "93 debug pnpm:progress": {
    "packageId": "registry.npmmirror.com/husky/7.0.4",
    "requester": "D:\\code\\base\\noobdog\\center.x-admin",
    "status": "found_in_store"
  },
  "94 debug pnpm:progress": {
    "packageId": "registry.npmmirror.com/fs-extra/10.1.0",
    "requester": "D:\\code\\base\\noobdog\\center.x-admin",
    "status": "resolved"
  },
  "95 debug pnpm:progress": {
    "packageId": "registry.npmmirror.com/fs-extra/10.1.0",
    "requester": "D:\\code\\base\\noobdog\\center.x-admin",
    "status": "found_in_store"
  },
  "96 debug pnpm:progress": {
    "packageId": "registry.npmmirror.com/inquirer/8.2.4",
    "requester": "D:\\code\\base\\noobdog\\center.x-admin",
    "status": "resolved"
  },
  "97 debug pnpm:progress": {
    "packageId": "registry.npmmirror.com/inquirer/8.2.4",
    "requester": "D:\\code\\base\\noobdog\\center.x-admin",
    "status": "found_in_store"
  },
  "98 debug pnpm:progress": {
    "packageId": "registry.npmmirror.com/plop/3.1.0",
    "requester": "D:\\code\\base\\noobdog\\center.x-admin",
    "status": "resolved"
  },
  "99 debug pnpm:progress": {
    "packageId": "registry.npmmirror.com/plop/3.1.0",
    "requester": "D:\\code\\base\\noobdog\\center.x-admin",
    "status": "found_in_store"
  },
  "100 debug pnpm:progress": {
    "packageId": "registry.npmmirror.com/postcss-html/1.4.1",
    "requester": "D:\\code\\base\\noobdog\\center.x-admin",
    "status": "resolved"
  },
  "101 debug pnpm:progress": {
    "packageId": "registry.npmmirror.com/postcss-html/1.4.1",
    "requester": "D:\\code\\base\\noobdog\\center.x-admin",
    "status": "found_in_store"
  },
  "102 debug pnpm:progress": {
    "packageId": "registry.npmmirror.com/lint-staged/12.4.1",
    "requester": "D:\\code\\base\\noobdog\\center.x-admin",
    "status": "resolved"
  },
  "103 debug pnpm:progress": {
    "packageId": "registry.npmmirror.com/lint-staged/12.4.1",
    "requester": "D:\\code\\base\\noobdog\\center.x-admin",
    "status": "found_in_store"
  },
  "104 debug pnpm:progress": {
    "packageId": "registry.npmmirror.com/postcss-scss/4.0.3",
    "requester": "D:\\code\\base\\noobdog\\center.x-admin",
    "status": "resolved"
  },
  "105 debug pnpm:progress": {
    "packageId": "registry.npmmirror.com/postcss-scss/4.0.3",
    "requester": "D:\\code\\base\\noobdog\\center.x-admin",
    "status": "found_in_store"
  },
  "106 debug pnpm:progress": {
    "packageId": "registry.npmmirror.com/sass/1.51.0",
    "requester": "D:\\code\\base\\noobdog\\center.x-admin",
    "status": "resolved"
  },
  "107 debug pnpm:progress": {
    "packageId": "registry.npmmirror.com/sass/1.51.0",
    "requester": "D:\\code\\base\\noobdog\\center.x-admin",
    "status": "found_in_store"
  },
  "108 debug pnpm:progress": {
    "packageId": "registry.npmmirror.com/stylelint-config-recommended-scss/6.0.0",
    "requester": "D:\\code\\base\\noobdog\\center.x-admin",
    "status": "resolved"
  },
  "109 debug pnpm:progress": {
    "packageId": "registry.npmmirror.com/stylelint-config-recommended-scss/6.0.0",
    "requester": "D:\\code\\base\\noobdog\\center.x-admin",
    "status": "found_in_store"
  },
  "110 debug pnpm:progress": {
    "packageId": "registry.npmmirror.com/stylelint-config-recommended-vue/1.4.0",
    "requester": "D:\\code\\base\\noobdog\\center.x-admin",
    "status": "resolved"
  },
  "111 debug pnpm:progress": {
    "packageId": "registry.npmmirror.com/stylelint-config-recommended-vue/1.4.0",
    "requester": "D:\\code\\base\\noobdog\\center.x-admin",
    "status": "found_in_store"
  },
  "112 debug pnpm:progress": {
    "packageId": "registry.npmmirror.com/stylelint/14.8.2",
    "requester": "D:\\code\\base\\noobdog\\center.x-admin",
    "status": "resolved"
  },
  "113 debug pnpm:progress": {
    "packageId": "registry.npmmirror.com/stylelint/14.8.2",
    "requester": "D:\\code\\base\\noobdog\\center.x-admin",
    "status": "found_in_store"
  },
  "114 debug pnpm:progress": {
    "packageId": "registry.npmmirror.com/stylelint-config-standard/25.0.0",
    "requester": "D:\\code\\base\\noobdog\\center.x-admin",
    "status": "resolved"
  },
  "115 debug pnpm:progress": {
    "packageId": "registry.npmmirror.com/stylelint-config-standard/25.0.0",
    "requester": "D:\\code\\base\\noobdog\\center.x-admin",
    "status": "found_in_store"
  },
  "116 debug pnpm:progress": {
    "packageId": "registry.npmmirror.com/stylelint-scss/4.2.0",
    "requester": "D:\\code\\base\\noobdog\\center.x-admin",
    "status": "resolved"
  },
  "117 debug pnpm:progress": {
    "packageId": "registry.npmmirror.com/stylelint-scss/4.2.0",
    "requester": "D:\\code\\base\\noobdog\\center.x-admin",
    "status": "found_in_store"
  },
  "118 debug pnpm:progress": {
    "packageId": "registry.npmmirror.com/svgo/2.8.0",
    "requester": "D:\\code\\base\\noobdog\\center.x-admin",
    "status": "resolved"
  },
  "119 debug pnpm:progress": {
    "packageId": "registry.npmmirror.com/svgo/2.8.0",
    "requester": "D:\\code\\base\\noobdog\\center.x-admin",
    "status": "found_in_store"
  },
  "120 debug pnpm:progress": {
    "packageId": "registry.npmmirror.com/unplugin-icons/0.14.3",
    "requester": "D:\\code\\base\\noobdog\\center.x-admin",
    "status": "resolved"
  },
  "121 debug pnpm:progress": {
    "packageId": "registry.npmmirror.com/unplugin-icons/0.14.3",
    "requester": "D:\\code\\base\\noobdog\\center.x-admin",
    "status": "found_in_store"
  },
  "122 debug pnpm:progress": {
    "packageId": "registry.npmmirror.com/unplugin-auto-import/0.7.1",
    "requester": "D:\\code\\base\\noobdog\\center.x-admin",
    "status": "resolved"
  },
  "123 debug pnpm:progress": {
    "packageId": "registry.npmmirror.com/unplugin-auto-import/0.7.1",
    "requester": "D:\\code\\base\\noobdog\\center.x-admin",
    "status": "found_in_store"
  },
  "124 debug pnpm:progress": {
    "packageId": "registry.npmmirror.com/unplugin-vue-components/0.19.3",
    "requester": "D:\\code\\base\\noobdog\\center.x-admin",
    "status": "resolved"
  },
  "125 debug pnpm:progress": {
    "packageId": "registry.npmmirror.com/unplugin-vue-components/0.19.3",
    "requester": "D:\\code\\base\\noobdog\\center.x-admin",
    "status": "found_in_store"
  },
  "126 debug pnpm:progress": {
    "packageId": "registry.npmmirror.com/vite-plugin-banner/0.2.0",
    "requester": "D:\\code\\base\\noobdog\\center.x-admin",
    "status": "resolved"
  },
  "127 debug pnpm:progress": {
    "packageId": "registry.npmmirror.com/vite-plugin-banner/0.2.0",
    "requester": "D:\\code\\base\\noobdog\\center.x-admin",
    "status": "found_in_store"
  },
  "128 debug pnpm:progress": {
    "packageId": "registry.npmmirror.com/vite-plugin-compression/0.5.1",
    "requester": "D:\\code\\base\\noobdog\\center.x-admin",
    "status": "resolved"
  },
  "129 debug pnpm:progress": {
    "packageId": "registry.npmmirror.com/vite-plugin-compression/0.5.1",
    "requester": "D:\\code\\base\\noobdog\\center.x-admin",
    "status": "found_in_store"
  },
  "130 debug pnpm:progress": {
    "packageId": "registry.npmmirror.com/vite-plugin-html/3.2.0",
    "requester": "D:\\code\\base\\noobdog\\center.x-admin",
    "status": "resolved"
  },
  "131 debug pnpm:progress": {
    "packageId": "registry.npmmirror.com/vite-plugin-html/3.2.0",
    "requester": "D:\\code\\base\\noobdog\\center.x-admin",
    "status": "found_in_store"
  },
  "132 debug pnpm:progress": {
    "packageId": "registry.npmmirror.com/vite/2.9.8",
    "requester": "D:\\code\\base\\noobdog\\center.x-admin",
    "status": "resolved"
  },
  "133 debug pnpm:progress": {
    "packageId": "registry.npmmirror.com/vite/2.9.8",
    "requester": "D:\\code\\base\\noobdog\\center.x-admin",
    "status": "found_in_store"
  },
  "134 debug pnpm:progress": {
    "packageId": "registry.npmmirror.com/vite-plugin-mock/2.9.6",
    "requester": "D:\\code\\base\\noobdog\\center.x-admin",
    "status": "resolved"
  },
  "135 debug pnpm:progress": {
    "packageId": "registry.npmmirror.com/vite-plugin-mock/2.9.6",
    "requester": "D:\\code\\base\\noobdog\\center.x-admin",
    "status": "found_in_store"
  },
  "136 debug pnpm:progress": {
    "packageId": "registry.npmmirror.com/vite-plugin-pwa/0.12.0",
    "requester": "D:\\code\\base\\noobdog\\center.x-admin",
    "status": "resolved"
  },
  "137 debug pnpm:progress": {
    "packageId": "registry.npmmirror.com/vite-plugin-pwa/0.12.0",
    "requester": "D:\\code\\base\\noobdog\\center.x-admin",
    "status": "found_in_store"
  },
  "138 debug pnpm:progress": {
    "packageId": "registry.npmmirror.com/vite-plugin-restart/0.1.1",
    "requester": "D:\\code\\base\\noobdog\\center.x-admin",
    "status": "resolved"
  },
  "139 debug pnpm:progress": {
    "packageId": "registry.npmmirror.com/vite-plugin-restart/0.1.1",
    "requester": "D:\\code\\base\\noobdog\\center.x-admin",
    "status": "found_in_store"
  },
  "140 debug pnpm:progress": {
    "packageId": "registry.npmmirror.com/vite-plugin-spritesmith/0.1.1",
    "requester": "D:\\code\\base\\noobdog\\center.x-admin",
    "status": "resolved"
  },
  "141 debug pnpm:progress": {
    "packageId": "registry.npmmirror.com/vite-plugin-spritesmith/0.1.1",
    "requester": "D:\\code\\base\\noobdog\\center.x-admin",
    "status": "found_in_store"
  },
  "142 debug pnpm:progress": {
    "packageId": "registry.npmmirror.com/vite-plugin-svg-icons/2.0.1",
    "requester": "D:\\code\\base\\noobdog\\center.x-admin",
    "status": "resolved"
  },
  "143 debug pnpm:progress": {
    "packageId": "registry.npmmirror.com/vite-plugin-svg-icons/2.0.1",
    "requester": "D:\\code\\base\\noobdog\\center.x-admin",
    "status": "found_in_store"
  },
  "144 debug pnpm:progress": {
    "packageId": "registry.npmmirror.com/vite-plugin-vue-setup-extend/0.4.0",
    "requester": "D:\\code\\base\\noobdog\\center.x-admin",
    "status": "resolved"
  },
  "145 debug pnpm:progress": {
    "packageId": "registry.npmmirror.com/vite-plugin-vue-setup-extend/0.4.0",
    "requester": "D:\\code\\base\\noobdog\\center.x-admin",
    "status": "found_in_store"
  },
  "146 debug pnpm:progress": {
    "packageId": "registry.npmmirror.com/vue-eslint-parser/8.3.0",
    "requester": "D:\\code\\base\\noobdog\\center.x-admin",
    "status": "resolved"
  },
  "147 debug pnpm:progress": {
    "packageId": "registry.npmmirror.com/vue-eslint-parser/8.3.0",
    "requester": "D:\\code\\base\\noobdog\\center.x-admin",
    "status": "found_in_store"
  },
  "148 debug pnpm:progress": {
    "packageId": "registry.npmmirror.com/workbox-window/6.5.3",
    "requester": "D:\\code\\base\\noobdog\\center.x-admin",
    "status": "resolved"
  },
  "149 debug pnpm:progress": {
    "packageId": "registry.npmmirror.com/workbox-window/6.5.3",
    "requester": "D:\\code\\base\\noobdog\\center.x-admin",
    "status": "found_in_store"
  },
  "150 debug pnpm:progress": {
    "packageId": "registry.npmjs.org/@antv/x6-vue-shape/1.4.0",
    "requester": "D:\\code\\base\\noobdog\\center.x-admin",
    "status": "resolved"
  },
  "151 debug pnpm:progress": {
    "packageId": "registry.npmjs.org/@antv/x6-vue-shape/1.4.0",
    "requester": "D:\\code\\base\\noobdog\\center.x-admin",
    "status": "found_in_store"
  },
  "152 debug pnpm:progress": {
    "packageId": "registry.npmmirror.com/@imengyu/vue3-context-menu/1.0.9",
    "requester": "D:\\code\\base\\noobdog\\center.x-admin",
    "status": "resolved"
  },
  "153 debug pnpm:progress": {
    "packageId": "registry.npmmirror.com/@imengyu/vue3-context-menu/1.0.9",
    "requester": "D:\\code\\base\\noobdog\\center.x-admin",
    "status": "found_in_store"
  },
  "154 debug pnpm:progress": {
    "packageId": "registry.npmmirror.com/@soerenmartius/vue3-clipboard/0.1.2",
    "requester": "D:\\code\\base\\noobdog\\center.x-admin",
    "status": "resolved"
  },
  "155 debug pnpm:progress": {
    "packageId": "registry.npmmirror.com/@soerenmartius/vue3-clipboard/0.1.2",
    "requester": "D:\\code\\base\\noobdog\\center.x-admin",
    "status": "found_in_store"
  },
  "156 debug pnpm:progress": {
    "packageId": "registry.npmmirror.com/@tinymce/tinymce-vue/4.0.7",
    "requester": "D:\\code\\base\\noobdog\\center.x-admin",
    "status": "resolved"
  },
  "157 debug pnpm:progress": {
    "packageId": "registry.npmmirror.com/@tinymce/tinymce-vue/4.0.7",
    "requester": "D:\\code\\base\\noobdog\\center.x-admin",
    "status": "found_in_store"
  },
  "158 debug pnpm:progress": {
    "packageId": "registry.npmmirror.com/@vueuse/core/8.4.2",
    "requester": "D:\\code\\base\\noobdog\\center.x-admin",
    "status": "resolved"
  },
  "159 debug pnpm:progress": {
    "packageId": "registry.npmmirror.com/@vueuse/core/8.4.2",
    "requester": "D:\\code\\base\\noobdog\\center.x-admin",
    "status": "found_in_store"
  },
  "160 debug pnpm:progress": {
    "packageId": "registry.npmmirror.com/@element-plus/icons-vue/1.1.4",
    "requester": "D:\\code\\base\\noobdog\\center.x-admin",
    "status": "resolved"
  },
  "161 debug pnpm:progress": {
    "packageId": "registry.npmmirror.com/@element-plus/icons-vue/1.1.4",
    "requester": "D:\\code\\base\\noobdog\\center.x-admin",
    "status": "found_in_store"
  },
  "162 debug pnpm:progress": {
    "packageId": "registry.npmmirror.com/@wcjiang/notify/2.1.0",
    "requester": "D:\\code\\base\\noobdog\\center.x-admin",
    "status": "resolved"
  },
  "163 debug pnpm:progress": {
    "packageId": "registry.npmmirror.com/@wcjiang/notify/2.1.0",
    "requester": "D:\\code\\base\\noobdog\\center.x-admin",
    "status": "found_in_store"
  },
  "164 debug pnpm:progress": {
    "packageId": "registry.npmmirror.com/animate.css/4.1.1",
    "requester": "D:\\code\\base\\noobdog\\center.x-admin",
    "status": "resolved"
  },
  "165 debug pnpm:progress": {
    "packageId": "registry.npmmirror.com/animate.css/4.1.1",
    "requester": "D:\\code\\base\\noobdog\\center.x-admin",
    "status": "found_in_store"
  },
  "166 debug pnpm:progress": {
    "packageId": "registry.npmjs.org/axios/0.27.2",
    "requester": "D:\\code\\base\\noobdog\\center.x-admin",
    "status": "resolved"
  },
  "167 debug pnpm:progress": {
    "packageId": "registry.npmjs.org/axios/0.27.2",
    "requester": "D:\\code\\base\\noobdog\\center.x-admin",
    "status": "found_in_store"
  },
  "168 debug pnpm:progress": {
    "packageId": "registry.npmjs.org/dayjs/1.11.3",
    "requester": "D:\\code\\base\\noobdog\\center.x-admin",
    "status": "resolved"
  },
  "169 debug pnpm:progress": {
    "packageId": "registry.npmjs.org/dayjs/1.11.3",
    "requester": "D:\\code\\base\\noobdog\\center.x-admin",
    "status": "found_in_store"
  },
  "170 debug pnpm:progress": {
    "packageId": "registry.npmmirror.com/clipboardy/3.0.0",
    "requester": "D:\\code\\base\\noobdog\\center.x-admin",
    "status": "resolved"
  },
  "171 debug pnpm:progress": {
    "packageId": "registry.npmmirror.com/clipboardy/3.0.0",
    "requester": "D:\\code\\base\\noobdog\\center.x-admin",
    "status": "found_in_store"
  },
  "172 debug pnpm:progress": {
    "packageId": "registry.npmmirror.com/@antv/g2plot/2.4.16",
    "requester": "D:\\code\\base\\noobdog\\center.x-admin",
    "status": "resolved"
  },
  "173 debug pnpm:progress": {
    "packageId": "registry.npmmirror.com/@antv/g2plot/2.4.16",
    "requester": "D:\\code\\base\\noobdog\\center.x-admin",
    "status": "found_in_store"
  },
  "174 debug pnpm:progress": {
    "packageId": "registry.npmmirror.com/hotkeys-js/3.9.3",
    "requester": "D:\\code\\base\\noobdog\\center.x-admin",
    "status": "resolved"
  },
  "175 debug pnpm:progress": {
    "packageId": "registry.npmmirror.com/hotkeys-js/3.9.3",
    "requester": "D:\\code\\base\\noobdog\\center.x-admin",
    "status": "found_in_store"
  },
  "176 debug pnpm:progress": {
    "packageId": "registry.npmmirror.com/js-cookie/3.0.1",
    "requester": "D:\\code\\base\\noobdog\\center.x-admin",
    "status": "resolved"
  },
  "177 debug pnpm:progress": {
    "packageId": "registry.npmmirror.com/js-cookie/3.0.1",
    "requester": "D:\\code\\base\\noobdog\\center.x-admin",
    "status": "found_in_store"
  },
  "178 error pnpm": {
    "code": "ERR_PNPM_MALFORMED_METADATA",
    "hint": "This might mean that the package was unpublished from the registry",
    "pkgsStack": [],
    "err": {
      "name": "pnpm",
      "message": "Received malformed metadata for \"noobdog-frontend-sdk\"",
      "code": "ERR_PNPM_MALFORMED_METADATA",
      "stack": "pnpm: Received malformed metadata for \"noobdog-frontend-sdk\"\n    at default_1 (C:\\Users\\yuyao\\AppData\\Roaming\\npm\\node_modules\\pnpm\\dist\\pnpm.cjs:84537:15)\n    at exports2.default (C:\\Users\\yuyao\\AppData\\Roaming\\npm\\node_modules\\pnpm\\dist\\pnpm.cjs:84676:60)\n    at processTicksAndRejections (node:internal/process/task_queues:96:5)\n    at async resolveNpm (C:\\Users\\yuyao\\AppData\\Roaming\\npm\\node_modules\\pnpm\\dist\\pnpm.cjs:85081:22)\n    at async Object.resolve (C:\\Users\\yuyao\\AppData\\Roaming\\npm\\node_modules\\pnpm\\dist\\pnpm.cjs:85295:34)\n    at async run (C:\\Users\\yuyao\\AppData\\Roaming\\npm\\node_modules\\pnpm\\dist\\pnpm.cjs:71039:23)"
    }
  }
}